08:17:53.345 [background-preinit] INFO  o.h.v.i.util.Version - [<clinit>,21] - HV000001: Hibernate Validator 6.2.5.Final
08:18:03.681 [main] INFO  o.a.c.h.Http11NioProtocol - [log,173] - Initializing ProtocolHandler ["http-nio-8007"]
08:18:03.684 [main] INFO  o.a.c.c.StandardService - [log,173] - Starting service [Tomcat]
08:18:03.685 [main] INFO  o.a.c.c.StandardEngine - [log,173] - Starting Servlet engine: [Apache Tomcat/9.0.75]
08:18:08.107 [main] INFO  o.a.c.c.C.[.[.[/wcs] - [log,173] - Initializing Spring embedded WebApplicationContext
08:18:16.261 [main] INFO  c.a.d.p.DruidDataSource - [init,996] - {dataSource-1} inited
08:18:25.969 [main] INFO  o.q.i.StdSchedulerFactory - [instantiate,1220] - Using default implementation for ThreadExecutor
08:18:26.028 [main] INFO  o.q.c.SchedulerSignalerImpl - [<init>,61] - Initialized Scheduler Signaller of type: class org.quartz.core.SchedulerSignalerImpl
08:18:26.028 [main] INFO  o.q.c.QuartzScheduler - [<init>,229] - Quartz Scheduler v.2.3.2 created.
08:18:26.038 [main] INFO  o.q.s.RAMJobStore - [initialize,155] - RAMJobStore initialized.
08:18:26.042 [main] INFO  o.q.c.QuartzScheduler - [initialize,294] - Scheduler meta-data: Quartz Scheduler (v2.3.2) 'quartzScheduler' with instanceId 'NON_CLUSTERED'
  Scheduler class: 'org.quartz.core.QuartzScheduler' - running locally.
  NOT STARTED.
  Currently in standby mode.
  Number of jobs executed: 0
  Using thread pool 'org.quartz.simpl.SimpleThreadPool' - with 10 threads.
  Using job-store 'org.quartz.simpl.RAMJobStore' - which does not support persistence. and is not clustered.

08:18:26.042 [main] INFO  o.q.i.StdSchedulerFactory - [instantiate,1374] - Quartz scheduler 'quartzScheduler' initialized from an externally provided properties instance.
08:18:26.042 [main] INFO  o.q.i.StdSchedulerFactory - [instantiate,1378] - Quartz scheduler version: 2.3.2
08:18:26.043 [main] INFO  o.q.c.QuartzScheduler - [setJobFactory,2293] - JobFactory set to: org.springframework.scheduling.quartz.SpringBeanJobFactory@8b727cb
08:18:33.870 [main] INFO  o.q.c.QuartzScheduler - [shutdown,666] - Scheduler quartzScheduler_$_NON_CLUSTERED shutting down.
08:18:33.871 [main] INFO  o.q.c.QuartzScheduler - [standby,585] - Scheduler quartzScheduler_$_NON_CLUSTERED paused.
08:18:33.871 [main] INFO  o.q.c.QuartzScheduler - [shutdown,740] - Scheduler quartzScheduler_$_NON_CLUSTERED shutdown complete.
08:18:33.871 [main] INFO  sys-user - [shutdownAsyncManager,31] - ====关闭后台任务任务线程池====
08:18:33.887 [main] INFO  c.a.d.p.DruidDataSource - [close,2138] - {dataSource-1} closing ...
08:18:33.895 [main] INFO  c.a.d.p.DruidDataSource - [close,2211] - {dataSource-1} closed
08:18:34.063 [main] INFO  o.a.c.c.StandardService - [log,173] - Stopping service [Tomcat]
08:19:11.952 [background-preinit] INFO  o.h.v.i.util.Version - [<clinit>,21] - HV000001: Hibernate Validator 6.2.5.Final
08:19:14.044 [main] INFO  o.a.c.h.Http11NioProtocol - [log,173] - Initializing ProtocolHandler ["http-nio-8007"]
08:19:14.045 [main] INFO  o.a.c.c.StandardService - [log,173] - Starting service [Tomcat]
08:19:14.045 [main] INFO  o.a.c.c.StandardEngine - [log,173] - Starting Servlet engine: [Apache Tomcat/9.0.75]
08:19:16.607 [main] INFO  o.a.c.c.C.[.[.[/wcs] - [log,173] - Initializing Spring embedded WebApplicationContext
08:19:18.724 [main] INFO  c.a.d.p.DruidDataSource - [init,996] - {dataSource-1} inited
08:19:21.422 [main] INFO  o.q.i.StdSchedulerFactory - [instantiate,1220] - Using default implementation for ThreadExecutor
08:19:21.458 [main] INFO  o.q.c.SchedulerSignalerImpl - [<init>,61] - Initialized Scheduler Signaller of type: class org.quartz.core.SchedulerSignalerImpl
08:19:21.458 [main] INFO  o.q.c.QuartzScheduler - [<init>,229] - Quartz Scheduler v.2.3.2 created.
08:19:21.465 [main] INFO  o.q.s.RAMJobStore - [initialize,155] - RAMJobStore initialized.
08:19:21.467 [main] INFO  o.q.c.QuartzScheduler - [initialize,294] - Scheduler meta-data: Quartz Scheduler (v2.3.2) 'quartzScheduler' with instanceId 'NON_CLUSTERED'
  Scheduler class: 'org.quartz.core.QuartzScheduler' - running locally.
  NOT STARTED.
  Currently in standby mode.
  Number of jobs executed: 0
  Using thread pool 'org.quartz.simpl.SimpleThreadPool' - with 10 threads.
  Using job-store 'org.quartz.simpl.RAMJobStore' - which does not support persistence. and is not clustered.

08:19:21.467 [main] INFO  o.q.i.StdSchedulerFactory - [instantiate,1374] - Quartz scheduler 'quartzScheduler' initialized from an externally provided properties instance.
08:19:21.467 [main] INFO  o.q.i.StdSchedulerFactory - [instantiate,1378] - Quartz scheduler version: 2.3.2
08:19:21.468 [main] INFO  o.q.c.QuartzScheduler - [setJobFactory,2293] - JobFactory set to: org.springframework.scheduling.quartz.SpringBeanJobFactory@59bf79f3
08:21:35.058 [main] INFO  c.d.w.x.c.StationConfigManager - [initLoad,37] - 站台&PLC设备初始化完成，总数：72
08:21:37.095 [main] INFO  o.a.c.h.Http11NioProtocol - [log,173] - Starting ProtocolHandler ["http-nio-8007"]
08:21:38.795 [main] INFO  o.q.c.QuartzScheduler - [start,547] - Scheduler quartzScheduler_$_NON_CLUSTERED started.
08:21:43.243 [SpringApplicationShutdownHook] INFO  o.q.c.QuartzScheduler - [standby,585] - Scheduler quartzScheduler_$_NON_CLUSTERED paused.
08:21:43.400 [SpringApplicationShutdownHook] INFO  o.q.c.QuartzScheduler - [shutdown,666] - Scheduler quartzScheduler_$_NON_CLUSTERED shutting down.
08:21:43.401 [SpringApplicationShutdownHook] INFO  o.q.c.QuartzScheduler - [standby,585] - Scheduler quartzScheduler_$_NON_CLUSTERED paused.
08:21:43.401 [SpringApplicationShutdownHook] INFO  o.q.c.QuartzScheduler - [shutdown,740] - Scheduler quartzScheduler_$_NON_CLUSTERED shutdown complete.
08:21:43.401 [SpringApplicationShutdownHook] INFO  sys-user - [shutdownAsyncManager,31] - ====关闭后台任务任务线程池====
08:21:43.407 [SpringApplicationShutdownHook] INFO  c.a.d.p.DruidDataSource - [close,2138] - {dataSource-1} closing ...
08:21:43.416 [SpringApplicationShutdownHook] INFO  c.a.d.p.DruidDataSource - [close,2211] - {dataSource-1} closed
08:21:46.173 [background-preinit] INFO  o.h.v.i.util.Version - [<clinit>,21] - HV000001: Hibernate Validator 6.2.5.Final
08:21:48.227 [main] INFO  o.a.c.h.Http11NioProtocol - [log,173] - Initializing ProtocolHandler ["http-nio-8007"]
08:21:48.228 [main] INFO  o.a.c.c.StandardService - [log,173] - Starting service [Tomcat]
08:21:48.228 [main] INFO  o.a.c.c.StandardEngine - [log,173] - Starting Servlet engine: [Apache Tomcat/9.0.75]
08:21:48.411 [main] INFO  o.a.c.c.C.[.[.[/wcs] - [log,173] - Initializing Spring embedded WebApplicationContext
08:21:50.293 [main] INFO  c.a.d.p.DruidDataSource - [init,996] - {dataSource-1} inited
08:21:53.309 [main] INFO  o.q.i.StdSchedulerFactory - [instantiate,1220] - Using default implementation for ThreadExecutor
08:21:53.345 [main] INFO  o.q.c.SchedulerSignalerImpl - [<init>,61] - Initialized Scheduler Signaller of type: class org.quartz.core.SchedulerSignalerImpl
08:21:53.345 [main] INFO  o.q.c.QuartzScheduler - [<init>,229] - Quartz Scheduler v.2.3.2 created.
08:21:53.353 [main] INFO  o.q.s.RAMJobStore - [initialize,155] - RAMJobStore initialized.
08:21:53.355 [main] INFO  o.q.c.QuartzScheduler - [initialize,294] - Scheduler meta-data: Quartz Scheduler (v2.3.2) 'quartzScheduler' with instanceId 'NON_CLUSTERED'
  Scheduler class: 'org.quartz.core.QuartzScheduler' - running locally.
  NOT STARTED.
  Currently in standby mode.
  Number of jobs executed: 0
  Using thread pool 'org.quartz.simpl.SimpleThreadPool' - with 10 threads.
  Using job-store 'org.quartz.simpl.RAMJobStore' - which does not support persistence. and is not clustered.

08:21:53.355 [main] INFO  o.q.i.StdSchedulerFactory - [instantiate,1374] - Quartz scheduler 'quartzScheduler' initialized from an externally provided properties instance.
08:21:53.355 [main] INFO  o.q.i.StdSchedulerFactory - [instantiate,1378] - Quartz scheduler version: 2.3.2
08:21:53.355 [main] INFO  o.q.c.QuartzScheduler - [setJobFactory,2293] - JobFactory set to: org.springframework.scheduling.quartz.SpringBeanJobFactory@6edc8385
08:21:56.698 [main] INFO  c.d.w.x.c.StationConfigManager - [initLoad,37] - 站台&PLC设备初始化完成，总数：72
08:21:58.959 [main] INFO  o.a.c.h.Http11NioProtocol - [log,173] - Starting ProtocolHandler ["http-nio-8007"]
08:22:00.603 [main] INFO  o.q.c.QuartzScheduler - [start,547] - Scheduler quartzScheduler_$_NON_CLUSTERED started.
08:22:06.800 [http-nio-8007-exec-1] INFO  o.a.c.c.C.[.[.[/wcs] - [log,173] - Initializing Spring DispatcherServlet 'dispatcherServlet'
08:22:08.732 [schedule-pool-19] INFO  sys-user - [run,55] - [127.0.0.1]内网IP[admin][Success][登录成功]
08:22:25.409 [quartzScheduler_Worker-9] INFO  c.d.w.x.h.TsjHandle2 - [finishCallbackGet,709] - 发到达送货楼层进入提升机任务
08:23:21.305 [quartzScheduler_Worker-2] INFO  c.d.w.x.h.TsjHandle2 - [finishCallbackPut,738] - 发到达送货楼层退出提升机任务
08:47:29.951 [schedule-pool-9] INFO  c.d.w.x.t.AutoTestPositionRun - [applyCodeWMSCheck,318] - 托盘P965022750到达站台unit2
08:47:29.954 [schedule-pool-9] INFO  c.d.w.x.t.AutoTestPositionRun - [lambda$applyCodeWMSCheck$4,325] - 站台unit2直通信号给出
08:47:29.958 [schedule-pool-9] INFO  c.d.w.x.t.AutoTestPositionRun - [lambda$applyCodeWMSCheck$4,331] - 站台unit2扫码确认信号给出
08:48:19.908 [schedule-pool-50] INFO  c.d.w.x.t.AutoTestPositionRun - [applyCodeLocalCheck,364] - 托盘P965022750到达站台unit4
08:48:19.912 [schedule-pool-50] INFO  c.d.w.x.t.AutoTestPositionRun - [lambda$applyCodeLocalCheck$5,375] - 站台unit4直通信号给出
08:48:19.915 [schedule-pool-50] INFO  c.d.w.x.t.AutoTestPositionRun - [lambda$applyCodeLocalCheck$5,385] - 站台unit4扫码确认信号给出
08:48:35.198 [schedule-pool-20] INFO  c.d.w.x.t.AutoTestPositionRun - [checkInOrOutReady,193] - 生成入库任务
08:51:46.301 [quartzScheduler_Worker-7] INFO  c.d.w.x.h.TsjHandle2 - [finishCallbackGet,709] - 发到达送货楼层进入提升机任务
08:52:38.284 [quartzScheduler_Worker-8] INFO  c.d.w.x.h.TsjHandle2 - [finishCallbackPut,738] - 发到达送货楼层退出提升机任务
09:10:01.561 [SpringApplicationShutdownHook] INFO  o.q.c.QuartzScheduler - [standby,585] - Scheduler quartzScheduler_$_NON_CLUSTERED paused.
09:10:01.720 [SpringApplicationShutdownHook] INFO  o.q.c.QuartzScheduler - [shutdown,666] - Scheduler quartzScheduler_$_NON_CLUSTERED shutting down.
09:10:01.720 [SpringApplicationShutdownHook] INFO  o.q.c.QuartzScheduler - [standby,585] - Scheduler quartzScheduler_$_NON_CLUSTERED paused.
09:10:01.721 [SpringApplicationShutdownHook] INFO  o.q.c.QuartzScheduler - [shutdown,740] - Scheduler quartzScheduler_$_NON_CLUSTERED shutdown complete.
09:10:01.721 [SpringApplicationShutdownHook] INFO  sys-user - [shutdownAsyncManager,31] - ====关闭后台任务任务线程池====
09:10:01.724 [SpringApplicationShutdownHook] INFO  c.a.d.p.DruidDataSource - [close,2138] - {dataSource-1} closing ...
09:10:01.733 [SpringApplicationShutdownHook] INFO  c.a.d.p.DruidDataSource - [close,2211] - {dataSource-1} closed
09:10:18.394 [background-preinit] INFO  o.h.v.i.util.Version - [<clinit>,21] - HV000001: Hibernate Validator 6.2.5.Final
09:10:20.450 [main] INFO  o.a.c.h.Http11NioProtocol - [log,173] - Initializing ProtocolHandler ["http-nio-8007"]
09:10:20.451 [main] INFO  o.a.c.c.StandardService - [log,173] - Starting service [Tomcat]
09:10:20.451 [main] INFO  o.a.c.c.StandardEngine - [log,173] - Starting Servlet engine: [Apache Tomcat/9.0.75]
09:10:20.650 [main] INFO  o.a.c.c.C.[.[.[/wcs] - [log,173] - Initializing Spring embedded WebApplicationContext
09:10:22.626 [main] INFO  c.a.d.p.DruidDataSource - [init,996] - {dataSource-1} inited
09:10:25.362 [main] INFO  o.q.i.StdSchedulerFactory - [instantiate,1220] - Using default implementation for ThreadExecutor
09:10:25.393 [main] INFO  o.q.c.SchedulerSignalerImpl - [<init>,61] - Initialized Scheduler Signaller of type: class org.quartz.core.SchedulerSignalerImpl
09:10:25.395 [main] INFO  o.q.c.QuartzScheduler - [<init>,229] - Quartz Scheduler v.2.3.2 created.
09:10:25.401 [main] INFO  o.q.s.RAMJobStore - [initialize,155] - RAMJobStore initialized.
09:10:25.403 [main] INFO  o.q.c.QuartzScheduler - [initialize,294] - Scheduler meta-data: Quartz Scheduler (v2.3.2) 'quartzScheduler' with instanceId 'NON_CLUSTERED'
  Scheduler class: 'org.quartz.core.QuartzScheduler' - running locally.
  NOT STARTED.
  Currently in standby mode.
  Number of jobs executed: 0
  Using thread pool 'org.quartz.simpl.SimpleThreadPool' - with 10 threads.
  Using job-store 'org.quartz.simpl.RAMJobStore' - which does not support persistence. and is not clustered.

09:10:25.403 [main] INFO  o.q.i.StdSchedulerFactory - [instantiate,1374] - Quartz scheduler 'quartzScheduler' initialized from an externally provided properties instance.
09:10:25.403 [main] INFO  o.q.i.StdSchedulerFactory - [instantiate,1378] - Quartz scheduler version: 2.3.2
09:10:25.403 [main] INFO  o.q.c.QuartzScheduler - [setJobFactory,2293] - JobFactory set to: org.springframework.scheduling.quartz.SpringBeanJobFactory@3582077c
09:10:28.868 [main] INFO  c.d.w.x.c.StationConfigManager - [initLoad,37] - 站台&PLC设备初始化完成，总数：72
09:10:30.900 [main] INFO  o.a.c.h.Http11NioProtocol - [log,173] - Starting ProtocolHandler ["http-nio-8007"]
09:10:32.610 [main] INFO  o.q.c.QuartzScheduler - [start,547] - Scheduler quartzScheduler_$_NON_CLUSTERED started.
09:10:44.466 [http-nio-8007-exec-2] INFO  o.a.c.c.C.[.[.[/wcs] - [log,173] - Initializing Spring DispatcherServlet 'dispatcherServlet'
09:13:36.247 [quartzScheduler_Worker-2] INFO  c.d.w.x.h.TsjHandle2 - [finishCallbackGet,709] - 发到达送货楼层进入提升机任务
09:14:30.375 [quartzScheduler_Worker-1] INFO  c.d.w.x.h.TsjHandle2 - [finishCallbackPut,738] - 发到达送货楼层退出提升机任务
09:15:24.270 [quartzScheduler_Worker-5] INFO  c.d.w.x.h.TsjHandle2 - [finishCallbackGet,709] - 发到达送货楼层进入提升机任务
09:38:27.283 [quartzScheduler_Worker-1] INFO  c.d.w.x.h.TsjHandle2 - [finishCallbackGet,709] - 发到达送货楼层进入提升机任务
09:39:11.378 [quartzScheduler_Worker-2] INFO  c.d.w.x.h.TsjHandle2 - [finishCallbackPut,738] - 发到达送货楼层退出提升机任务
09:40:16.333 [quartzScheduler_Worker-2] INFO  c.d.w.x.h.TsjHandle2 - [finishCallbackGet,709] - 发到达送货楼层进入提升机任务
09:47:09.424 [quartzScheduler_Worker-4] INFO  c.d.w.x.h.TsjHandle2 - [finishCallbackGet,709] - 发到达送货楼层进入提升机任务
09:48:02.233 [quartzScheduler_Worker-2] INFO  c.d.w.x.h.TsjHandle2 - [finishCallbackPut,738] - 发到达送货楼层退出提升机任务
09:58:20.256 [quartzScheduler_Worker-5] INFO  c.d.w.x.h.TsjHandle2 - [finishCallbackGet,709] - 发到达送货楼层进入提升机任务
09:59:15.320 [quartzScheduler_Worker-2] INFO  c.d.w.x.h.TsjHandle2 - [finishCallbackPut,738] - 发到达送货楼层退出提升机任务
09:59:42.300 [quartzScheduler_Worker-5] INFO  c.d.w.x.h.TsjHandle2 - [finishCallbackGet,709] - 发到达送货楼层进入提升机任务
10:00:37.251 [quartzScheduler_Worker-5] INFO  c.d.w.x.h.TsjHandle2 - [finishCallbackPut,738] - 发到达送货楼层退出提升机任务
10:06:21.315 [quartzScheduler_Worker-5] INFO  c.d.w.x.h.TsjHandle2 - [finishCallbackGet,709] - 发到达送货楼层进入提升机任务
10:06:57.276 [quartzScheduler_Worker-2] INFO  c.d.w.x.h.TsjHandle2 - [finishCallbackPut,738] - 发到达送货楼层退出提升机任务
10:07:13.258 [quartzScheduler_Worker-9] INFO  c.d.w.x.h.TsjHandle2 - [finishCallbackGet,709] - 发到达送货楼层进入提升机任务
10:08:33.317 [quartzScheduler_Worker-6] INFO  c.d.w.x.h.TsjHandle2 - [finishCallbackPut,738] - 发到达送货楼层退出提升机任务
10:14:19.289 [quartzScheduler_Worker-6] INFO  c.d.w.x.h.TsjHandle2 - [finishCallbackGet,709] - 发到达送货楼层进入提升机任务
10:15:02.262 [quartzScheduler_Worker-10] INFO  c.d.w.x.h.TsjHandle2 - [finishCallbackPut,738] - 发到达送货楼层退出提升机任务
10:16:04.248 [quartzScheduler_Worker-3] INFO  c.d.w.x.h.TsjHandle2 - [finishCallbackGet,709] - 发到达送货楼层进入提升机任务
10:17:39.273 [quartzScheduler_Worker-6] INFO  c.d.w.x.h.TsjHandle2 - [finishCallbackPut,738] - 发到达送货楼层退出提升机任务
10:18:14.362 [quartzScheduler_Worker-5] INFO  c.d.w.x.h.TsjHandle2 - [finishCallbackGet,709] - 发到达送货楼层进入提升机任务
10:19:09.466 [quartzScheduler_Worker-4] INFO  c.d.w.x.h.TsjHandle2 - [finishCallbackPut,738] - 发到达送货楼层退出提升机任务
10:28:38.090 [lettuce-eventExecutorLoop-1-9] INFO  i.l.c.p.ConnectionWatchdog - [log,171] - Reconnecting, last destination was localhost/127.0.0.1:6379
10:28:44.474 [lettuce-eventExecutorLoop-1-14] INFO  i.l.c.p.ConnectionWatchdog - [log,171] - Reconnecting, last destination was localhost:6379
10:28:50.882 [lettuce-eventExecutorLoop-1-16] INFO  i.l.c.p.ConnectionWatchdog - [log,171] - Reconnecting, last destination was localhost:6379
10:28:57.974 [lettuce-eventExecutorLoop-1-15] INFO  i.l.c.p.ConnectionWatchdog - [log,171] - Reconnecting, last destination was localhost:6379
10:29:05.174 [lettuce-eventExecutorLoop-1-13] INFO  i.l.c.p.ConnectionWatchdog - [log,171] - Reconnecting, last destination was localhost:6379
10:29:11.379 [lettuce-eventExecutorLoop-1-13] INFO  i.l.c.p.ConnectionWatchdog - [log,171] - Reconnecting, last destination was localhost:6379
10:29:21.676 [lettuce-eventExecutorLoop-1-8] INFO  i.l.c.p.ConnectionWatchdog - [log,171] - Reconnecting, last destination was localhost:6379
10:29:40.179 [lettuce-eventExecutorLoop-1-7] INFO  i.l.c.p.ConnectionWatchdog - [log,171] - Reconnecting, last destination was localhost:6379
10:30:12.276 [lettuce-eventExecutorLoop-1-15] INFO  i.l.c.p.ConnectionWatchdog - [log,171] - Reconnecting, last destination was localhost:6379
10:30:44.374 [lettuce-eventExecutorLoop-1-16] INFO  i.l.c.p.ConnectionWatchdog - [log,171] - Reconnecting, last destination was localhost:6379
10:31:16.477 [lettuce-eventExecutorLoop-1-7] INFO  i.l.c.p.ConnectionWatchdog - [log,171] - Reconnecting, last destination was localhost:6379
10:31:48.578 [lettuce-eventExecutorLoop-1-7] INFO  i.l.c.p.ConnectionWatchdog - [log,171] - Reconnecting, last destination was localhost:6379
10:32:20.680 [lettuce-eventExecutorLoop-1-14] INFO  i.l.c.p.ConnectionWatchdog - [log,171] - Reconnecting, last destination was localhost:6379
10:32:52.775 [lettuce-eventExecutorLoop-1-16] INFO  i.l.c.p.ConnectionWatchdog - [log,171] - Reconnecting, last destination was localhost:6379
10:33:24.877 [lettuce-eventExecutorLoop-1-7] INFO  i.l.c.p.ConnectionWatchdog - [log,171] - Reconnecting, last destination was localhost:6379
10:33:50.560 [schedule-pool-38] INFO  c.d.w.x.t.AutoTestPositionRun - [applyCodeWMSCheck,318] - 托盘P965022750到达站台unit2
10:33:50.565 [schedule-pool-38] INFO  c.d.w.x.t.AutoTestPositionRun - [lambda$applyCodeWMSCheck$4,325] - 站台unit2直通信号给出
10:33:50.572 [schedule-pool-38] INFO  c.d.w.x.t.AutoTestPositionRun - [lambda$applyCodeWMSCheck$4,331] - 站台unit2扫码确认信号给出
10:33:56.975 [lettuce-eventExecutorLoop-1-7] INFO  i.l.c.p.ConnectionWatchdog - [log,171] - Reconnecting, last destination was localhost:6379
10:34:29.081 [lettuce-eventExecutorLoop-1-14] INFO  i.l.c.p.ConnectionWatchdog - [log,171] - Reconnecting, last destination was localhost:6379
10:35:01.179 [lettuce-eventExecutorLoop-1-14] INFO  i.l.c.p.ConnectionWatchdog - [log,171] - Reconnecting, last destination was localhost:6379
10:35:33.280 [lettuce-eventExecutorLoop-1-7] INFO  i.l.c.p.ConnectionWatchdog - [log,171] - Reconnecting, last destination was localhost:6379
10:36:05.374 [lettuce-eventExecutorLoop-1-7] INFO  i.l.c.p.ConnectionWatchdog - [log,171] - Reconnecting, last destination was localhost:6379
10:36:27.389 [SpringApplicationShutdownHook] INFO  o.q.c.QuartzScheduler - [standby,585] - Scheduler quartzScheduler_$_NON_CLUSTERED paused.
10:36:32.910 [SpringApplicationShutdownHook] INFO  o.q.c.QuartzScheduler - [shutdown,666] - Scheduler quartzScheduler_$_NON_CLUSTERED shutting down.
10:36:32.911 [SpringApplicationShutdownHook] INFO  o.q.c.QuartzScheduler - [standby,585] - Scheduler quartzScheduler_$_NON_CLUSTERED paused.
10:36:32.911 [SpringApplicationShutdownHook] INFO  o.q.c.QuartzScheduler - [shutdown,740] - Scheduler quartzScheduler_$_NON_CLUSTERED shutdown complete.
10:36:32.911 [SpringApplicationShutdownHook] INFO  sys-user - [shutdownAsyncManager,31] - ====关闭后台任务任务线程池====
10:36:32.919 [SpringApplicationShutdownHook] INFO  c.a.d.p.DruidDataSource - [close,2138] - {dataSource-1} closing ...
10:36:32.938 [SpringApplicationShutdownHook] INFO  c.a.d.p.DruidDataSource - [close,2211] - {dataSource-1} closed
10:36:36.274 [background-preinit] INFO  o.h.v.i.util.Version - [<clinit>,21] - HV000001: Hibernate Validator 6.2.5.Final
10:36:38.351 [main] INFO  o.a.c.h.Http11NioProtocol - [log,173] - Initializing ProtocolHandler ["http-nio-8007"]
10:36:38.351 [main] INFO  o.a.c.c.StandardService - [log,173] - Starting service [Tomcat]
10:36:38.352 [main] INFO  o.a.c.c.StandardEngine - [log,173] - Starting Servlet engine: [Apache Tomcat/9.0.75]
10:36:38.552 [main] INFO  o.a.c.c.C.[.[.[/wcs] - [log,173] - Initializing Spring embedded WebApplicationContext
10:36:40.741 [main] INFO  c.a.d.p.DruidDataSource - [init,996] - {dataSource-1} inited
10:36:44.483 [main] INFO  o.a.c.c.StandardService - [log,173] - Stopping service [Tomcat]
10:36:44.490 [main] INFO  c.a.d.p.DruidDataSource - [close,2138] - {dataSource-1} closing ...
10:36:44.497 [main] INFO  c.a.d.p.DruidDataSource - [close,2211] - {dataSource-1} closed
10:37:15.315 [background-preinit] INFO  o.h.v.i.util.Version - [<clinit>,21] - HV000001: Hibernate Validator 6.2.5.Final
10:37:17.494 [main] INFO  o.a.c.h.Http11NioProtocol - [log,173] - Initializing ProtocolHandler ["http-nio-8007"]
10:37:17.495 [main] INFO  o.a.c.c.StandardService - [log,173] - Starting service [Tomcat]
10:37:17.495 [main] INFO  o.a.c.c.StandardEngine - [log,173] - Starting Servlet engine: [Apache Tomcat/9.0.75]
10:37:17.707 [main] INFO  o.a.c.c.C.[.[.[/wcs] - [log,173] - Initializing Spring embedded WebApplicationContext
10:37:19.851 [main] INFO  c.a.d.p.DruidDataSource - [init,996] - {dataSource-1} inited
10:37:22.836 [main] INFO  o.q.i.StdSchedulerFactory - [instantiate,1220] - Using default implementation for ThreadExecutor
10:37:22.871 [main] INFO  o.q.c.SchedulerSignalerImpl - [<init>,61] - Initialized Scheduler Signaller of type: class org.quartz.core.SchedulerSignalerImpl
10:37:22.871 [main] INFO  o.q.c.QuartzScheduler - [<init>,229] - Quartz Scheduler v.2.3.2 created.
10:37:22.878 [main] INFO  o.q.s.RAMJobStore - [initialize,155] - RAMJobStore initialized.
10:37:22.881 [main] INFO  o.q.c.QuartzScheduler - [initialize,294] - Scheduler meta-data: Quartz Scheduler (v2.3.2) 'quartzScheduler' with instanceId 'NON_CLUSTERED'
  Scheduler class: 'org.quartz.core.QuartzScheduler' - running locally.
  NOT STARTED.
  Currently in standby mode.
  Number of jobs executed: 0
  Using thread pool 'org.quartz.simpl.SimpleThreadPool' - with 10 threads.
  Using job-store 'org.quartz.simpl.RAMJobStore' - which does not support persistence. and is not clustered.

10:37:22.881 [main] INFO  o.q.i.StdSchedulerFactory - [instantiate,1374] - Quartz scheduler 'quartzScheduler' initialized from an externally provided properties instance.
10:37:22.881 [main] INFO  o.q.i.StdSchedulerFactory - [instantiate,1378] - Quartz scheduler version: 2.3.2
10:37:22.881 [main] INFO  o.q.c.QuartzScheduler - [setJobFactory,2293] - JobFactory set to: org.springframework.scheduling.quartz.SpringBeanJobFactory@4eb69e8d
10:37:26.554 [main] INFO  c.d.w.x.c.StationConfigManager - [initLoad,37] - 站台&PLC设备初始化完成，总数：72
10:37:28.905 [main] INFO  o.a.c.h.Http11NioProtocol - [log,173] - Starting ProtocolHandler ["http-nio-8007"]
10:37:30.861 [main] INFO  o.q.c.QuartzScheduler - [start,547] - Scheduler quartzScheduler_$_NON_CLUSTERED started.
10:39:17.247 [quartzScheduler_Worker-6] INFO  c.d.w.x.h.TsjHandle2 - [finishCallbackGet,709] - 发到达送货楼层进入提升机任务
10:39:51.265 [quartzScheduler_Worker-5] INFO  c.d.w.x.h.TsjHandle2 - [finishCallbackPut,738] - 发到达送货楼层退出提升机任务
10:40:03.802 [http-nio-8007-exec-1] INFO  o.a.c.c.C.[.[.[/wcs] - [log,173] - Initializing Spring DispatcherServlet 'dispatcherServlet'
10:40:05.456 [schedule-pool-1] INFO  sys-user - [run,55] - [127.0.0.1]内网IP[admin][Success][登录成功]
10:46:45.314 [quartzScheduler_Worker-1] INFO  c.d.w.x.h.TsjHandle2 - [finishCallbackGet,709] - 发到达送货楼层进入提升机任务
10:47:41.288 [quartzScheduler_Worker-4] INFO  c.d.w.x.h.TsjHandle2 - [finishCallbackPut,738] - 发到达送货楼层退出提升机任务
10:48:30.325 [quartzScheduler_Worker-3] INFO  c.d.w.x.h.TsjHandle2 - [finishCallbackGet,709] - 发到达送货楼层进入提升机任务
10:49:39.269 [quartzScheduler_Worker-9] INFO  c.d.w.x.h.TsjHandle2 - [finishCallbackPut,738] - 发到达送货楼层退出提升机任务
10:51:10.254 [quartzScheduler_Worker-6] INFO  c.d.w.x.h.TsjHandle2 - [finishCallbackGet,709] - 发到达送货楼层进入提升机任务
10:51:53.273 [quartzScheduler_Worker-10] INFO  c.d.w.x.h.TsjHandle2 - [finishCallbackPut,738] - 发到达送货楼层退出提升机任务
10:53:58.315 [quartzScheduler_Worker-3] INFO  c.d.w.x.h.TsjHandle2 - [finishCallbackGet,709] - 发到达送货楼层进入提升机任务
10:54:53.309 [quartzScheduler_Worker-7] INFO  c.d.w.x.h.TsjHandle2 - [finishCallbackPut,738] - 发到达送货楼层退出提升机任务
10:55:28.355 [quartzScheduler_Worker-8] INFO  c.d.w.x.h.TsjHandle2 - [finishCallbackGet,709] - 发到达送货楼层进入提升机任务
10:56:29.279 [quartzScheduler_Worker-10] INFO  c.d.w.x.h.TsjHandle2 - [finishCallbackPut,738] - 发到达送货楼层退出提升机任务
11:06:07.754 [SpringApplicationShutdownHook] INFO  o.q.c.QuartzScheduler - [standby,585] - Scheduler quartzScheduler_$_NON_CLUSTERED paused.
11:06:07.919 [SpringApplicationShutdownHook] INFO  o.q.c.QuartzScheduler - [shutdown,666] - Scheduler quartzScheduler_$_NON_CLUSTERED shutting down.
11:06:07.919 [SpringApplicationShutdownHook] INFO  o.q.c.QuartzScheduler - [standby,585] - Scheduler quartzScheduler_$_NON_CLUSTERED paused.
11:06:07.919 [SpringApplicationShutdownHook] INFO  o.q.c.QuartzScheduler - [shutdown,740] - Scheduler quartzScheduler_$_NON_CLUSTERED shutdown complete.
11:06:07.919 [SpringApplicationShutdownHook] INFO  sys-user - [shutdownAsyncManager,31] - ====关闭后台任务任务线程池====
11:06:07.924 [SpringApplicationShutdownHook] INFO  c.a.d.p.DruidDataSource - [close,2138] - {dataSource-1} closing ...
11:06:07.935 [SpringApplicationShutdownHook] INFO  c.a.d.p.DruidDataSource - [close,2211] - {dataSource-1} closed
13:43:46.331 [background-preinit] INFO  o.h.v.i.util.Version - [<clinit>,21] - HV000001: Hibernate Validator 6.2.5.Final
13:43:48.603 [main] INFO  o.a.c.h.Http11NioProtocol - [log,173] - Initializing ProtocolHandler ["http-nio-8007"]
13:43:48.604 [main] INFO  o.a.c.c.StandardService - [log,173] - Starting service [Tomcat]
13:43:48.604 [main] INFO  o.a.c.c.StandardEngine - [log,173] - Starting Servlet engine: [Apache Tomcat/9.0.75]
13:43:48.962 [main] INFO  o.a.c.c.C.[.[.[/wcs] - [log,173] - Initializing Spring embedded WebApplicationContext
13:43:51.093 [main] INFO  c.a.d.p.DruidDataSource - [init,996] - {dataSource-1} inited
13:43:53.814 [main] INFO  o.q.i.StdSchedulerFactory - [instantiate,1220] - Using default implementation for ThreadExecutor
13:43:53.848 [main] INFO  o.q.c.SchedulerSignalerImpl - [<init>,61] - Initialized Scheduler Signaller of type: class org.quartz.core.SchedulerSignalerImpl
13:43:53.848 [main] INFO  o.q.c.QuartzScheduler - [<init>,229] - Quartz Scheduler v.2.3.2 created.
13:43:53.856 [main] INFO  o.q.s.RAMJobStore - [initialize,155] - RAMJobStore initialized.
13:43:53.857 [main] INFO  o.q.c.QuartzScheduler - [initialize,294] - Scheduler meta-data: Quartz Scheduler (v2.3.2) 'quartzScheduler' with instanceId 'NON_CLUSTERED'
  Scheduler class: 'org.quartz.core.QuartzScheduler' - running locally.
  NOT STARTED.
  Currently in standby mode.
  Number of jobs executed: 0
  Using thread pool 'org.quartz.simpl.SimpleThreadPool' - with 10 threads.
  Using job-store 'org.quartz.simpl.RAMJobStore' - which does not support persistence. and is not clustered.

13:43:53.858 [main] INFO  o.q.i.StdSchedulerFactory - [instantiate,1374] - Quartz scheduler 'quartzScheduler' initialized from an externally provided properties instance.
13:43:53.858 [main] INFO  o.q.i.StdSchedulerFactory - [instantiate,1378] - Quartz scheduler version: 2.3.2
13:43:53.858 [main] INFO  o.q.c.QuartzScheduler - [setJobFactory,2293] - JobFactory set to: org.springframework.scheduling.quartz.SpringBeanJobFactory@5a9004e1
13:43:59.019 [main] INFO  o.a.c.h.Http11NioProtocol - [log,173] - Starting ProtocolHandler ["http-nio-8007"]
13:44:00.760 [main] INFO  o.q.c.QuartzScheduler - [start,547] - Scheduler quartzScheduler_$_NON_CLUSTERED started.
13:44:23.664 [SpringApplicationShutdownHook] INFO  o.q.c.QuartzScheduler - [standby,585] - Scheduler quartzScheduler_$_NON_CLUSTERED paused.
13:44:23.792 [SpringApplicationShutdownHook] INFO  o.q.c.QuartzScheduler - [shutdown,666] - Scheduler quartzScheduler_$_NON_CLUSTERED shutting down.
13:44:23.792 [SpringApplicationShutdownHook] INFO  o.q.c.QuartzScheduler - [standby,585] - Scheduler quartzScheduler_$_NON_CLUSTERED paused.
13:44:23.792 [SpringApplicationShutdownHook] INFO  o.q.c.QuartzScheduler - [shutdown,740] - Scheduler quartzScheduler_$_NON_CLUSTERED shutdown complete.
13:44:23.792 [SpringApplicationShutdownHook] INFO  sys-user - [shutdownAsyncManager,31] - ====关闭后台任务任务线程池====
13:44:23.799 [SpringApplicationShutdownHook] INFO  c.a.d.p.DruidDataSource - [close,2138] - {dataSource-1} closing ...
13:44:23.806 [SpringApplicationShutdownHook] INFO  c.a.d.p.DruidDataSource - [close,2211] - {dataSource-1} closed
13:44:28.551 [background-preinit] INFO  o.h.v.i.util.Version - [<clinit>,21] - HV000001: Hibernate Validator 6.2.5.Final
13:44:30.558 [main] INFO  o.a.c.h.Http11NioProtocol - [log,173] - Initializing ProtocolHandler ["http-nio-8007"]
13:44:30.559 [main] INFO  o.a.c.c.StandardService - [log,173] - Starting service [Tomcat]
13:44:30.559 [main] INFO  o.a.c.c.StandardEngine - [log,173] - Starting Servlet engine: [Apache Tomcat/9.0.75]
13:44:30.774 [main] INFO  o.a.c.c.C.[.[.[/wcs] - [log,173] - Initializing Spring embedded WebApplicationContext
13:44:32.725 [main] INFO  c.a.d.p.DruidDataSource - [init,996] - {dataSource-1} inited
13:44:35.396 [main] INFO  o.q.i.StdSchedulerFactory - [instantiate,1220] - Using default implementation for ThreadExecutor
13:44:35.431 [main] INFO  o.q.c.SchedulerSignalerImpl - [<init>,61] - Initialized Scheduler Signaller of type: class org.quartz.core.SchedulerSignalerImpl
13:44:35.431 [main] INFO  o.q.c.QuartzScheduler - [<init>,229] - Quartz Scheduler v.2.3.2 created.
13:44:35.437 [main] INFO  o.q.s.RAMJobStore - [initialize,155] - RAMJobStore initialized.
13:44:35.439 [main] INFO  o.q.c.QuartzScheduler - [initialize,294] - Scheduler meta-data: Quartz Scheduler (v2.3.2) 'quartzScheduler' with instanceId 'NON_CLUSTERED'
  Scheduler class: 'org.quartz.core.QuartzScheduler' - running locally.
  NOT STARTED.
  Currently in standby mode.
  Number of jobs executed: 0
  Using thread pool 'org.quartz.simpl.SimpleThreadPool' - with 10 threads.
  Using job-store 'org.quartz.simpl.RAMJobStore' - which does not support persistence. and is not clustered.

13:44:35.439 [main] INFO  o.q.i.StdSchedulerFactory - [instantiate,1374] - Quartz scheduler 'quartzScheduler' initialized from an externally provided properties instance.
13:44:35.439 [main] INFO  o.q.i.StdSchedulerFactory - [instantiate,1378] - Quartz scheduler version: 2.3.2
13:44:35.439 [main] INFO  o.q.c.QuartzScheduler - [setJobFactory,2293] - JobFactory set to: org.springframework.scheduling.quartz.SpringBeanJobFactory@628e0403
13:44:40.640 [main] INFO  o.a.c.h.Http11NioProtocol - [log,173] - Starting ProtocolHandler ["http-nio-8007"]
13:44:42.393 [main] INFO  o.q.c.QuartzScheduler - [start,547] - Scheduler quartzScheduler_$_NON_CLUSTERED started.
13:44:49.773 [http-nio-8007-exec-1] INFO  o.a.c.c.C.[.[.[/wcs] - [log,173] - Initializing Spring DispatcherServlet 'dispatcherServlet'
13:44:52.838 [schedule-pool-3] INFO  sys-user - [run,55] - [127.0.0.1]内网IP[admin][Success][登录成功]
13:47:32.505 [SpringApplicationShutdownHook] INFO  o.q.c.QuartzScheduler - [standby,585] - Scheduler quartzScheduler_$_NON_CLUSTERED paused.
13:47:32.633 [SpringApplicationShutdownHook] INFO  o.q.c.QuartzScheduler - [shutdown,666] - Scheduler quartzScheduler_$_NON_CLUSTERED shutting down.
13:47:32.633 [SpringApplicationShutdownHook] INFO  o.q.c.QuartzScheduler - [standby,585] - Scheduler quartzScheduler_$_NON_CLUSTERED paused.
13:47:32.633 [SpringApplicationShutdownHook] INFO  o.q.c.QuartzScheduler - [shutdown,740] - Scheduler quartzScheduler_$_NON_CLUSTERED shutdown complete.
13:47:32.633 [SpringApplicationShutdownHook] INFO  sys-user - [shutdownAsyncManager,31] - ====关闭后台任务任务线程池====
13:47:32.640 [SpringApplicationShutdownHook] INFO  c.a.d.p.DruidDataSource - [close,2138] - {dataSource-1} closing ...
13:47:32.651 [SpringApplicationShutdownHook] INFO  c.a.d.p.DruidDataSource - [close,2211] - {dataSource-1} closed
13:47:37.141 [background-preinit] INFO  o.h.v.i.util.Version - [<clinit>,21] - HV000001: Hibernate Validator 6.2.5.Final
13:47:39.139 [main] INFO  o.a.c.h.Http11NioProtocol - [log,173] - Initializing ProtocolHandler ["http-nio-8007"]
13:47:39.139 [main] INFO  o.a.c.c.StandardService - [log,173] - Starting service [Tomcat]
13:47:39.139 [main] INFO  o.a.c.c.StandardEngine - [log,173] - Starting Servlet engine: [Apache Tomcat/9.0.75]
13:47:39.341 [main] INFO  o.a.c.c.C.[.[.[/wcs] - [log,173] - Initializing Spring embedded WebApplicationContext
13:47:41.318 [main] INFO  c.a.d.p.DruidDataSource - [init,996] - {dataSource-1} inited
13:47:44.210 [main] INFO  o.q.i.StdSchedulerFactory - [instantiate,1220] - Using default implementation for ThreadExecutor
13:47:44.244 [main] INFO  o.q.c.SchedulerSignalerImpl - [<init>,61] - Initialized Scheduler Signaller of type: class org.quartz.core.SchedulerSignalerImpl
13:47:44.244 [main] INFO  o.q.c.QuartzScheduler - [<init>,229] - Quartz Scheduler v.2.3.2 created.
13:47:44.251 [main] INFO  o.q.s.RAMJobStore - [initialize,155] - RAMJobStore initialized.
13:47:44.253 [main] INFO  o.q.c.QuartzScheduler - [initialize,294] - Scheduler meta-data: Quartz Scheduler (v2.3.2) 'quartzScheduler' with instanceId 'NON_CLUSTERED'
  Scheduler class: 'org.quartz.core.QuartzScheduler' - running locally.
  NOT STARTED.
  Currently in standby mode.
  Number of jobs executed: 0
  Using thread pool 'org.quartz.simpl.SimpleThreadPool' - with 10 threads.
  Using job-store 'org.quartz.simpl.RAMJobStore' - which does not support persistence. and is not clustered.

13:47:44.254 [main] INFO  o.q.i.StdSchedulerFactory - [instantiate,1374] - Quartz scheduler 'quartzScheduler' initialized from an externally provided properties instance.
13:47:44.254 [main] INFO  o.q.i.StdSchedulerFactory - [instantiate,1378] - Quartz scheduler version: 2.3.2
13:47:44.254 [main] INFO  o.q.c.QuartzScheduler - [setJobFactory,2293] - JobFactory set to: org.springframework.scheduling.quartz.SpringBeanJobFactory@6c4a1980
13:47:49.440 [main] INFO  o.a.c.h.Http11NioProtocol - [log,173] - Starting ProtocolHandler ["http-nio-8007"]
13:47:51.154 [main] INFO  o.q.c.QuartzScheduler - [start,547] - Scheduler quartzScheduler_$_NON_CLUSTERED started.
13:47:58.386 [http-nio-8007-exec-2] INFO  o.a.c.c.C.[.[.[/wcs] - [log,173] - Initializing Spring DispatcherServlet 'dispatcherServlet'
16:02:42.736 [SpringApplicationShutdownHook] INFO  o.q.c.QuartzScheduler - [standby,585] - Scheduler quartzScheduler_$_NON_CLUSTERED paused.
16:02:42.865 [SpringApplicationShutdownHook] INFO  o.q.c.QuartzScheduler - [shutdown,666] - Scheduler quartzScheduler_$_NON_CLUSTERED shutting down.
16:02:42.865 [SpringApplicationShutdownHook] INFO  o.q.c.QuartzScheduler - [standby,585] - Scheduler quartzScheduler_$_NON_CLUSTERED paused.
16:02:42.865 [SpringApplicationShutdownHook] INFO  o.q.c.QuartzScheduler - [shutdown,740] - Scheduler quartzScheduler_$_NON_CLUSTERED shutdown complete.
16:02:42.866 [SpringApplicationShutdownHook] INFO  sys-user - [shutdownAsyncManager,31] - ====关闭后台任务任务线程池====
16:02:42.872 [SpringApplicationShutdownHook] INFO  c.a.d.p.DruidDataSource - [close,2138] - {dataSource-1} closing ...
16:02:42.879 [SpringApplicationShutdownHook] INFO  c.a.d.p.DruidDataSource - [close,2211] - {dataSource-1} closed
16:03:25.565 [background-preinit] INFO  o.h.v.i.util.Version - [<clinit>,21] - HV000001: Hibernate Validator 6.2.5.Final
16:03:27.860 [main] INFO  o.a.c.h.Http11NioProtocol - [log,173] - Initializing ProtocolHandler ["http-nio-8007"]
16:03:27.861 [main] INFO  o.a.c.c.StandardService - [log,173] - Starting service [Tomcat]
16:03:27.861 [main] INFO  o.a.c.c.StandardEngine - [log,173] - Starting Servlet engine: [Apache Tomcat/9.0.75]
16:03:28.059 [main] INFO  o.a.c.c.C.[.[.[/wcs] - [log,173] - Initializing Spring embedded WebApplicationContext
16:03:30.135 [main] INFO  c.a.d.p.DruidDataSource - [init,996] - {dataSource-1} inited
16:03:33.055 [main] INFO  o.q.i.StdSchedulerFactory - [instantiate,1220] - Using default implementation for ThreadExecutor
16:03:33.089 [main] INFO  o.q.c.SchedulerSignalerImpl - [<init>,61] - Initialized Scheduler Signaller of type: class org.quartz.core.SchedulerSignalerImpl
16:03:33.090 [main] INFO  o.q.c.QuartzScheduler - [<init>,229] - Quartz Scheduler v.2.3.2 created.
16:03:33.096 [main] INFO  o.q.s.RAMJobStore - [initialize,155] - RAMJobStore initialized.
16:03:33.098 [main] INFO  o.q.c.QuartzScheduler - [initialize,294] - Scheduler meta-data: Quartz Scheduler (v2.3.2) 'quartzScheduler' with instanceId 'NON_CLUSTERED'
  Scheduler class: 'org.quartz.core.QuartzScheduler' - running locally.
  NOT STARTED.
  Currently in standby mode.
  Number of jobs executed: 0
  Using thread pool 'org.quartz.simpl.SimpleThreadPool' - with 10 threads.
  Using job-store 'org.quartz.simpl.RAMJobStore' - which does not support persistence. and is not clustered.

16:03:33.098 [main] INFO  o.q.i.StdSchedulerFactory - [instantiate,1374] - Quartz scheduler 'quartzScheduler' initialized from an externally provided properties instance.
16:03:33.098 [main] INFO  o.q.i.StdSchedulerFactory - [instantiate,1378] - Quartz scheduler version: 2.3.2
16:03:33.098 [main] INFO  o.q.c.QuartzScheduler - [setJobFactory,2293] - JobFactory set to: org.springframework.scheduling.quartz.SpringBeanJobFactory@3c1fd5aa
16:03:38.340 [main] INFO  o.a.c.h.Http11NioProtocol - [log,173] - Starting ProtocolHandler ["http-nio-8007"]
16:03:40.161 [main] INFO  o.q.c.QuartzScheduler - [start,547] - Scheduler quartzScheduler_$_NON_CLUSTERED started.
16:04:16.801 [http-nio-8007-exec-1] INFO  o.a.c.c.C.[.[.[/wcs] - [log,173] - Initializing Spring DispatcherServlet 'dispatcherServlet'
16:17:53.231 [SpringApplicationShutdownHook] INFO  o.q.c.QuartzScheduler - [standby,585] - Scheduler quartzScheduler_$_NON_CLUSTERED paused.
16:17:53.348 [SpringApplicationShutdownHook] INFO  o.q.c.QuartzScheduler - [shutdown,666] - Scheduler quartzScheduler_$_NON_CLUSTERED shutting down.
16:17:53.348 [SpringApplicationShutdownHook] INFO  o.q.c.QuartzScheduler - [standby,585] - Scheduler quartzScheduler_$_NON_CLUSTERED paused.
16:17:53.349 [SpringApplicationShutdownHook] INFO  o.q.c.QuartzScheduler - [shutdown,740] - Scheduler quartzScheduler_$_NON_CLUSTERED shutdown complete.
16:17:53.349 [SpringApplicationShutdownHook] INFO  sys-user - [shutdownAsyncManager,31] - ====关闭后台任务任务线程池====
16:17:53.354 [SpringApplicationShutdownHook] INFO  c.a.d.p.DruidDataSource - [close,2138] - {dataSource-1} closing ...
16:17:53.364 [SpringApplicationShutdownHook] INFO  c.a.d.p.DruidDataSource - [close,2211] - {dataSource-1} closed
16:17:58.778 [background-preinit] INFO  o.h.v.i.util.Version - [<clinit>,21] - HV000001: Hibernate Validator 6.2.5.Final
16:18:01.170 [main] INFO  o.a.c.h.Http11NioProtocol - [log,173] - Initializing ProtocolHandler ["http-nio-8007"]
16:18:01.171 [main] INFO  o.a.c.c.StandardService - [log,173] - Starting service [Tomcat]
16:18:01.171 [main] INFO  o.a.c.c.StandardEngine - [log,173] - Starting Servlet engine: [Apache Tomcat/9.0.75]
16:18:01.376 [main] INFO  o.a.c.c.C.[.[.[/wcs] - [log,173] - Initializing Spring embedded WebApplicationContext
16:18:03.798 [main] INFO  c.a.d.p.DruidDataSource - [init,996] - {dataSource-1} inited
16:18:06.946 [main] INFO  o.q.i.StdSchedulerFactory - [instantiate,1220] - Using default implementation for ThreadExecutor
16:18:06.982 [main] INFO  o.q.c.SchedulerSignalerImpl - [<init>,61] - Initialized Scheduler Signaller of type: class org.quartz.core.SchedulerSignalerImpl
16:18:06.982 [main] INFO  o.q.c.QuartzScheduler - [<init>,229] - Quartz Scheduler v.2.3.2 created.
16:18:06.991 [main] INFO  o.q.s.RAMJobStore - [initialize,155] - RAMJobStore initialized.
16:18:06.993 [main] INFO  o.q.c.QuartzScheduler - [initialize,294] - Scheduler meta-data: Quartz Scheduler (v2.3.2) 'quartzScheduler' with instanceId 'NON_CLUSTERED'
  Scheduler class: 'org.quartz.core.QuartzScheduler' - running locally.
  NOT STARTED.
  Currently in standby mode.
  Number of jobs executed: 0
  Using thread pool 'org.quartz.simpl.SimpleThreadPool' - with 10 threads.
  Using job-store 'org.quartz.simpl.RAMJobStore' - which does not support persistence. and is not clustered.

16:18:06.993 [main] INFO  o.q.i.StdSchedulerFactory - [instantiate,1374] - Quartz scheduler 'quartzScheduler' initialized from an externally provided properties instance.
16:18:06.993 [main] INFO  o.q.i.StdSchedulerFactory - [instantiate,1378] - Quartz scheduler version: 2.3.2
16:18:06.993 [main] INFO  o.q.c.QuartzScheduler - [setJobFactory,2293] - JobFactory set to: org.springframework.scheduling.quartz.SpringBeanJobFactory@359f3401
16:18:12.497 [main] INFO  o.a.c.h.Http11NioProtocol - [log,173] - Starting ProtocolHandler ["http-nio-8007"]
16:18:14.539 [main] INFO  o.q.c.QuartzScheduler - [start,547] - Scheduler quartzScheduler_$_NON_CLUSTERED started.
16:18:28.115 [http-nio-8007-exec-1] INFO  o.a.c.c.C.[.[.[/wcs] - [log,173] - Initializing Spring DispatcherServlet 'dispatcherServlet'
19:14:37.466 [SpringApplicationShutdownHook] INFO  o.q.c.QuartzScheduler - [standby,585] - Scheduler quartzScheduler_$_NON_CLUSTERED paused.
19:14:37.657 [SpringApplicationShutdownHook] INFO  o.q.c.QuartzScheduler - [shutdown,666] - Scheduler quartzScheduler_$_NON_CLUSTERED shutting down.
19:14:37.657 [SpringApplicationShutdownHook] INFO  o.q.c.QuartzScheduler - [standby,585] - Scheduler quartzScheduler_$_NON_CLUSTERED paused.
19:14:37.657 [SpringApplicationShutdownHook] INFO  o.q.c.QuartzScheduler - [shutdown,740] - Scheduler quartzScheduler_$_NON_CLUSTERED shutdown complete.
19:14:37.658 [SpringApplicationShutdownHook] INFO  sys-user - [shutdownAsyncManager,31] - ====关闭后台任务任务线程池====
19:14:37.665 [SpringApplicationShutdownHook] INFO  c.a.d.p.DruidDataSource - [close,2138] - {dataSource-1} closing ...
19:14:37.675 [SpringApplicationShutdownHook] INFO  c.a.d.p.DruidDataSource - [close,2211] - {dataSource-1} closed
19:16:25.715 [background-preinit] INFO  o.h.v.i.util.Version - [<clinit>,21] - HV000001: Hibernate Validator 6.2.5.Final
19:16:29.970 [main] INFO  o.a.c.h.Http11NioProtocol - [log,173] - Initializing ProtocolHandler ["http-nio-8007"]
19:16:29.970 [main] INFO  o.a.c.c.StandardService - [log,173] - Starting service [Tomcat]
19:16:29.972 [main] INFO  o.a.c.c.StandardEngine - [log,173] - Starting Servlet engine: [Apache Tomcat/9.0.75]
19:16:30.362 [main] INFO  o.a.c.c.C.[.[.[/wcs] - [log,173] - Initializing Spring embedded WebApplicationContext
19:16:34.180 [main] INFO  c.a.d.p.DruidDataSource - [init,996] - {dataSource-1} inited
19:16:39.096 [main] INFO  o.q.i.StdSchedulerFactory - [instantiate,1220] - Using default implementation for ThreadExecutor
19:16:39.141 [main] INFO  o.q.c.SchedulerSignalerImpl - [<init>,61] - Initialized Scheduler Signaller of type: class org.quartz.core.SchedulerSignalerImpl
19:16:39.143 [main] INFO  o.q.c.QuartzScheduler - [<init>,229] - Quartz Scheduler v.2.3.2 created.
19:16:39.153 [main] INFO  o.q.s.RAMJobStore - [initialize,155] - RAMJobStore initialized.
19:16:39.156 [main] INFO  o.q.c.QuartzScheduler - [initialize,294] - Scheduler meta-data: Quartz Scheduler (v2.3.2) 'quartzScheduler' with instanceId 'NON_CLUSTERED'
  Scheduler class: 'org.quartz.core.QuartzScheduler' - running locally.
  NOT STARTED.
  Currently in standby mode.
  Number of jobs executed: 0
  Using thread pool 'org.quartz.simpl.SimpleThreadPool' - with 10 threads.
  Using job-store 'org.quartz.simpl.RAMJobStore' - which does not support persistence. and is not clustered.

19:16:39.156 [main] INFO  o.q.i.StdSchedulerFactory - [instantiate,1374] - Quartz scheduler 'quartzScheduler' initialized from an externally provided properties instance.
19:16:39.156 [main] INFO  o.q.i.StdSchedulerFactory - [instantiate,1378] - Quartz scheduler version: 2.3.2
19:16:39.157 [main] INFO  o.q.c.QuartzScheduler - [setJobFactory,2293] - JobFactory set to: org.springframework.scheduling.quartz.SpringBeanJobFactory@5bb7fc38
19:16:48.773 [main] INFO  o.a.c.h.Http11NioProtocol - [log,173] - Starting ProtocolHandler ["http-nio-8007"]
19:16:52.754 [main] INFO  o.q.c.QuartzScheduler - [start,547] - Scheduler quartzScheduler_$_NON_CLUSTERED started.
19:33:36.187 [SpringApplicationShutdownHook] INFO  o.q.c.QuartzScheduler - [standby,585] - Scheduler quartzScheduler_$_NON_CLUSTERED paused.
19:33:36.355 [SpringApplicationShutdownHook] INFO  o.q.c.QuartzScheduler - [shutdown,666] - Scheduler quartzScheduler_$_NON_CLUSTERED shutting down.
19:33:36.356 [SpringApplicationShutdownHook] INFO  o.q.c.QuartzScheduler - [standby,585] - Scheduler quartzScheduler_$_NON_CLUSTERED paused.
19:33:36.356 [SpringApplicationShutdownHook] INFO  o.q.c.QuartzScheduler - [shutdown,740] - Scheduler quartzScheduler_$_NON_CLUSTERED shutdown complete.
19:33:36.356 [SpringApplicationShutdownHook] INFO  sys-user - [shutdownAsyncManager,31] - ====关闭后台任务任务线程池====
19:33:36.362 [SpringApplicationShutdownHook] INFO  c.a.d.p.DruidDataSource - [close,2138] - {dataSource-1} closing ...
19:33:36.368 [SpringApplicationShutdownHook] INFO  c.a.d.p.DruidDataSource - [close,2211] - {dataSource-1} closed
19:33:43.905 [background-preinit] INFO  o.h.v.i.util.Version - [<clinit>,21] - HV000001: Hibernate Validator 6.2.5.Final
19:33:46.588 [main] INFO  o.a.c.h.Http11NioProtocol - [log,173] - Initializing ProtocolHandler ["http-nio-8007"]
19:33:46.589 [main] INFO  o.a.c.c.StandardService - [log,173] - Starting service [Tomcat]
19:33:46.589 [main] INFO  o.a.c.c.StandardEngine - [log,173] - Starting Servlet engine: [Apache Tomcat/9.0.75]
19:33:46.812 [main] INFO  o.a.c.c.C.[.[.[/wcs] - [log,173] - Initializing Spring embedded WebApplicationContext
19:33:49.068 [main] INFO  c.a.d.p.DruidDataSource - [init,996] - {dataSource-1} inited
19:33:52.126 [main] INFO  o.q.i.StdSchedulerFactory - [instantiate,1220] - Using default implementation for ThreadExecutor
19:33:52.164 [main] INFO  o.q.c.SchedulerSignalerImpl - [<init>,61] - Initialized Scheduler Signaller of type: class org.quartz.core.SchedulerSignalerImpl
19:33:52.164 [main] INFO  o.q.c.QuartzScheduler - [<init>,229] - Quartz Scheduler v.2.3.2 created.
19:33:52.172 [main] INFO  o.q.s.RAMJobStore - [initialize,155] - RAMJobStore initialized.
19:33:52.174 [main] INFO  o.q.c.QuartzScheduler - [initialize,294] - Scheduler meta-data: Quartz Scheduler (v2.3.2) 'quartzScheduler' with instanceId 'NON_CLUSTERED'
  Scheduler class: 'org.quartz.core.QuartzScheduler' - running locally.
  NOT STARTED.
  Currently in standby mode.
  Number of jobs executed: 0
  Using thread pool 'org.quartz.simpl.SimpleThreadPool' - with 10 threads.
  Using job-store 'org.quartz.simpl.RAMJobStore' - which does not support persistence. and is not clustered.

19:33:52.174 [main] INFO  o.q.i.StdSchedulerFactory - [instantiate,1374] - Quartz scheduler 'quartzScheduler' initialized from an externally provided properties instance.
19:33:52.174 [main] INFO  o.q.i.StdSchedulerFactory - [instantiate,1378] - Quartz scheduler version: 2.3.2
19:33:52.174 [main] INFO  o.q.c.QuartzScheduler - [setJobFactory,2293] - JobFactory set to: org.springframework.scheduling.quartz.SpringBeanJobFactory@130bd00e
